1
2
3
0
1
2
Product of numbers 1 to 5:
120
0
1
1
2
3
5
8
13
21
34