Doughnut instance
BostonCream instance
A instance
B instance
C instance
Vehicle instance
Car instance
Sedan instance
Truck instance