B method
89
32
Animal speaks : Generic sound
Dog speaks : Woof
Puppy speaks : Woof