Fry until golden brown.
Base.method()
Base.method()