good
block body
true
adult
eligible for voting: true