baz
baz
world
bar
bar
41
41
true
false
false
true
false
true