hello
baz
baz
bar
false
1
false
true
23
true
false