Created multiple robots:
Robot instance
Robot instance
Characters created in fantasy world:
Wizard instance
Dragon instance
The main character is:
Wizard instance
Hero created:
Superhero instance
Hero created:
Superhero instance
Hero created:
Superhero instance
All heroes created!