Robot
Wizard
Both classes successfully printed
Class declared inside function
Superhero
Function called successfully