bar
91
R2-D2
startValue can't be negative
0
52
Generic Generic
Toyota Corolla with four wheels