Times Superman was called:
66
Times Batman was called:
18
Grey
White
100