Foo
Casting a magical spell: Fireball
Using power: Flight