175
Woof
Cat
Wizard instance
Casting spell as Merlin